Copyright 1986-2020 Xilinx, Inc. All Rights Reserved.
---------------------------------------------------------------------------------------------------------------------------
| Tool Version : Vivado v.2020.1 (win64) Build 2902540 Wed May 27 19:54:49 MDT 2020
| Date         : Fri Oct  2 19:12:25 2026
| Host         : Q running 64-bit major release  (build 9200)
| Command      : report_drc -file exp2_wrapper_drc_opted.rpt -pb exp2_wrapper_drc_opted.pb -rpx exp2_wrapper_drc_opted.rpx
| Design       : exp2_wrapper
| Device       : xc7a35tcpg236-1
| Speed File   : -1
| Design State : Synthesized
---------------------------------------------------------------------------------------------------------------------------

Report DRC

Table of Contents
-----------------
1. REPORT SUMMARY
2. REPORT DETAILS

1. REPORT SUMMARY
-----------------
            Netlist: netlist
          Floorplan: design_1
      Design limits: <entire design considered>
           Ruledeck: default
             Max violations: <unlimited>
             Violations found: 8
+-----------+----------+----------------------------+------------+
| Rule      | Severity | Description                | Violations |
+-----------+----------+----------------------------+------------+
| REQP-1840 | Warning  | RAMB18 async control check | 8          |
+-----------+----------+----------------------------+------------+

2. REPORT DETAILS
-----------------
REQP-1840#1 Warning
RAMB18 async control check  
The RAMB18E1 exp2_i/generador_seno_0/inst/n_out_reg has an input control pin exp2_i/generador_seno_0/inst/n_out_reg/ADDRARDADDR[10] (net: exp2_i/generador_seno_0/inst/addr[6]) which is driven by a register (exp2_i/counter_0/inst/addr_reg[6]) that has an active asychronous set or reset. This may cause corruption of the memory contents and/or read values when the set/reset is asserted and is not analyzed by the default static timing analysis. It is suggested to eliminate the use of a set/reset to registers driving this RAMB pin or else use a synchronous reset in which the assertion of the reset is timed by default.
Related violations: <none>

REQP-1840#2 Warning
RAMB18 async control check  
The RAMB18E1 exp2_i/generador_seno_0/inst/n_out_reg has an input control pin exp2_i/generador_seno_0/inst/n_out_reg/ADDRARDADDR[11] (net: exp2_i/generador_seno_0/inst/addr[7]) which is driven by a register (exp2_i/counter_0/inst/addr_reg[7]) that has an active asychronous set or reset. This may cause corruption of the memory contents and/or read values when the set/reset is asserted and is not analyzed by the default static timing analysis. It is suggested to eliminate the use of a set/reset to registers driving this RAMB pin or else use a synchronous reset in which the assertion of the reset is timed by default.
Related violations: <none>

REQP-1840#3 Warning
RAMB18 async control check  
The RAMB18E1 exp2_i/generador_seno_0/inst/n_out_reg has an input control pin exp2_i/generador_seno_0/inst/n_out_reg/ADDRARDADDR[4] (net: exp2_i/generador_seno_0/inst/addr[0]) which is driven by a register (exp2_i/counter_0/inst/addr_reg[0]) that has an active asychronous set or reset. This may cause corruption of the memory contents and/or read values when the set/reset is asserted and is not analyzed by the default static timing analysis. It is suggested to eliminate the use of a set/reset to registers driving this RAMB pin or else use a synchronous reset in which the assertion of the reset is timed by default.
Related violations: <none>

REQP-1840#4 Warning
RAMB18 async control check  
The RAMB18E1 exp2_i/generador_seno_0/inst/n_out_reg has an input control pin exp2_i/generador_seno_0/inst/n_out_reg/ADDRARDADDR[5] (net: exp2_i/generador_seno_0/inst/addr[1]) which is driven by a register (exp2_i/counter_0/inst/addr_reg[1]) that has an active asychronous set or reset. This may cause corruption of the memory contents and/or read values when the set/reset is asserted and is not analyzed by the default static timing analysis. It is suggested to eliminate the use of a set/reset to registers driving this RAMB pin or else use a synchronous reset in which the assertion of the reset is timed by default.
Related violations: <none>

REQP-1840#5 Warning
RAMB18 async control check  
The RAMB18E1 exp2_i/generador_seno_0/inst/n_out_reg has an input control pin exp2_i/generador_seno_0/inst/n_out_reg/ADDRARDADDR[6] (net: exp2_i/generador_seno_0/inst/addr[2]) which is driven by a register (exp2_i/counter_0/inst/addr_reg[2]) that has an active asychronous set or reset. This may cause corruption of the memory contents and/or read values when the set/reset is asserted and is not analyzed by the default static timing analysis. It is suggested to eliminate the use of a set/reset to registers driving this RAMB pin or else use a synchronous reset in which the assertion of the reset is timed by default.
Related violations: <none>

REQP-1840#6 Warning
RAMB18 async control check  
The RAMB18E1 exp2_i/generador_seno_0/inst/n_out_reg has an input control pin exp2_i/generador_seno_0/inst/n_out_reg/ADDRARDADDR[7] (net: exp2_i/generador_seno_0/inst/addr[3]) which is driven by a register (exp2_i/counter_0/inst/addr_reg[3]) that has an active asychronous set or reset. This may cause corruption of the memory contents and/or read values when the set/reset is asserted and is not analyzed by the default static timing analysis. It is suggested to eliminate the use of a set/reset to registers driving this RAMB pin or else use a synchronous reset in which the assertion of the reset is timed by default.
Related violations: <none>

REQP-1840#7 Warning
RAMB18 async control check  
The RAMB18E1 exp2_i/generador_seno_0/inst/n_out_reg has an input control pin exp2_i/generador_seno_0/inst/n_out_reg/ADDRARDADDR[8] (net: exp2_i/generador_seno_0/inst/addr[4]) which is driven by a register (exp2_i/counter_0/inst/addr_reg[4]) that has an active asychronous set or reset. This may cause corruption of the memory contents and/or read values when the set/reset is asserted and is not analyzed by the default static timing analysis. It is suggested to eliminate the use of a set/reset to registers driving this RAMB pin or else use a synchronous reset in which the assertion of the reset is timed by default.
Related violations: <none>

REQP-1840#8 Warning
RAMB18 async control check  
The RAMB18E1 exp2_i/generador_seno_0/inst/n_out_reg has an input control pin exp2_i/generador_seno_0/inst/n_out_reg/ADDRARDADDR[9] (net: exp2_i/generador_seno_0/inst/addr[5]) which is driven by a register (exp2_i/counter_0/inst/addr_reg[5]) that has an active asychronous set or reset. This may cause corruption of the memory contents and/or read values when the set/reset is asserted and is not analyzed by the default static timing analysis. It is suggested to eliminate the use of a set/reset to registers driving this RAMB pin or else use a synchronous reset in which the assertion of the reset is timed by default.
Related violations: <none>


