Copyright 1986-2020 Xilinx, Inc. All Rights Reserved.
-----------------------------------------------------------------------------------------
| Tool Version : Vivado v.2020.1 (win64) Build 2902540 Wed May 27 19:54:49 MDT 2020
| Date         : Fri Oct  2 19:12:28 2026
| Host         : Q running 64-bit major release  (build 9200)
| Command      : report_control_sets -verbose -file exp2_wrapper_control_sets_placed.rpt
| Design       : exp2_wrapper
| Device       : xc7a35t
-----------------------------------------------------------------------------------------

Control Set Information

Table of Contents
-----------------
1. Summary
2. Histogram
3. Flip-Flop Distribution
4. Detailed Control Set Information

1. Summary
----------

+----------------------------------------------------------+-------+
|                          Status                          | Count |
+----------------------------------------------------------+-------+
| Total control sets                                       |     8 |
|    Minimum number of control sets                        |     8 |
|    Addition due to synthesis replication                 |     0 |
|    Addition due to physical synthesis replication        |     0 |
| Unused register locations in slices containing registers |    14 |
+----------------------------------------------------------+-------+
* Control sets can be merged at opt_design using control_set_merge or merge_equivalent_drivers
** Run report_qor_suggestions for automated merging and remapping suggestions


2. Histogram
------------

+--------------------+-------+
|       Fanout       | Count |
+--------------------+-------+
| Total control sets |     8 |
| >= 0 to < 4        |     0 |
| >= 4 to < 6        |     2 |
| >= 6 to < 8        |     0 |
| >= 8 to < 10       |     4 |
| >= 10 to < 12      |     1 |
| >= 12 to < 14      |     0 |
| >= 14 to < 16      |     0 |
| >= 16              |     1 |
+--------------------+-------+
* Control sets can be remapped at either synth_design or opt_design


3. Flip-Flop Distribution
-------------------------

+--------------+-----------------------+------------------------+-----------------+--------------+
| Clock Enable | Synchronous Set/Reset | Asynchronous Set/Reset | Total Registers | Total Slices |
+--------------+-----------------------+------------------------+-----------------+--------------+
| No           | No                    | No                     |              10 |            5 |
| No           | No                    | Yes                    |              52 |           14 |
| No           | Yes                   | No                     |               0 |            0 |
| Yes          | No                    | No                     |              12 |            2 |
| Yes          | No                    | Yes                    |               0 |            0 |
| Yes          | Yes                   | No                     |               8 |            2 |
+--------------+-----------------------+------------------------+-----------------+--------------+


4. Detailed Control Set Information
-----------------------------------

+----------------------------------------+--------------------------------------+--------------------------------------+------------------+----------------+--------------+
|              Clock Signal              |             Enable Signal            |           Set/Reset Signal           | Slice Load Count | Bel Load Count | Bels / Slice |
+----------------------------------------+--------------------------------------+--------------------------------------+------------------+----------------+--------------+
|  clk_IBUF_BUFG                         |                                      | exp2_i/OR_0/uart_clk_rst             |                1 |              4 |         4.00 |
|  clk_IBUF_BUFG                         | exp2_i/uart_rx_0/inst/cuenta_bit     |                                      |                1 |              4 |         4.00 |
|  exp2_i/clk_mgnmnt_0/inst/clk_div      |                                      | rst_IBUF                             |                2 |              8 |         4.00 |
|  exp2_i/modular_clk_div_0/inst/clk_div |                                      | rst_IBUF                             |                2 |              8 |         4.00 |
|  clk_IBUF_BUFG                         | exp2_i/uart_rx_0/inst/msg[7]_i_2_n_0 | exp2_i/uart_rx_0/inst/msg[7]_i_1_n_0 |                2 |              8 |         4.00 |
|  clk_IBUF_BUFG                         | exp2_i/uart_rx_0/inst/mensaje        |                                      |                1 |              8 |         8.00 |
|  clk_IBUF_BUFG                         |                                      |                                      |                5 |             10 |         2.00 |
|  clk_IBUF_BUFG                         |                                      | rst_IBUF                             |                9 |             32 |         3.56 |
+----------------------------------------+--------------------------------------+--------------------------------------+------------------+----------------+--------------+


