Copyright 1986-2020 Xilinx, Inc. All Rights Reserved.
------------------------------------------------------------------------------------
| Tool Version : Vivado v.2020.1 (win64) Build 2902540 Wed May 27 19:54:49 MDT 2020
| Date         : Fri Oct  2 19:10:10 2026
| Host         : Q running 64-bit major release  (build 9200)
| Command      : upgrade_ip
| Device       : xc7a35tcpg236-1
------------------------------------------------------------------------------------

Upgrade Log for IP 'exp2_display_voltaje_0_0'

1. Summary
----------

SUCCESS in the conversion of exp2_display_voltaje_0_0 (xilinx.com:user:display_voltaje:1.0 (Rev. 2)) to Vivado generation flows.






Copyright 1986-2020 Xilinx, Inc. All Rights Reserved.
------------------------------------------------------------------------------------
| Tool Version : Vivado v.2020.1 (win64) Build 2902540 Wed May 27 19:54:49 MDT 2020
| Date         : Thu Oct  1 17:28:11 2026
| Host         : Q running 64-bit major release  (build 9200)
| Command      : upgrade_ip
| Device       : xc7a35tcpg236-1
------------------------------------------------------------------------------------

Upgrade Log for IP 'exp2_clk_mgnmnt_0_0'

1. Summary
----------

SUCCESS in the upgrade of exp2_clk_mgnmnt_0_0 (xilinx.com:user:clk_mgnmnt:1.0) from (Rev. 2) to (Rev. 3)

