
*** Running vivado
    with args -log exp2_wrapper.vds -m64 -product Vivado -mode batch -messageDb vivado.pb -notrace -source exp2_wrapper.tcl



****** Vivado v2020.1 (64-bit)
  **** SW Build 2902540 on Wed May 27 19:54:49 MDT 2020
  **** IP Build 2902112 on Wed May 27 22:43:36 MDT 2020
    ** Copyright 1986-2020 Xilinx, Inc. All Rights Reserved.

source exp2_wrapper.tcl -notrace
INFO: [IP_Flow 19-234] Refreshing IP repositories
INFO: [IP_Flow 19-1700] Loaded user IP repository 'c:/LAB_ELECTRONICA_AD/EXP2/Hardware/iprepo'.
INFO: [IP_Flow 19-2313] Loaded Vivado IP repository 'C:/Xilinx/Vivado/2020.1/data/ip'.
Command: synth_design -top exp2_wrapper -part xc7a35tcpg236-1
Starting synth_design
Attempting to get a license for feature 'Synthesis' and/or device 'xc7a35t'
INFO: [Common 17-349] Got license for feature 'Synthesis' and/or device 'xc7a35t'
INFO: [Device 21-403] Loading part xc7a35tcpg236-1
INFO: [Synth 8-7079] Multithreading enabled for synth_design using a maximum of 2 processes.
INFO: [Synth 8-7078] Launching helper process for spawning children vivado processes
INFO: [Synth 8-7075] Helper process launched with PID 20760
---------------------------------------------------------------------------------
Starting RTL Elaboration : Time (s): cpu = 00:00:08 ; elapsed = 00:00:09 . Memory (MB): peak = 1029.242 ; gain = 0.000
---------------------------------------------------------------------------------
INFO: [Synth 8-6157] synthesizing module 'exp2_wrapper' [C:/LAB_ELECTRONICA_AD/EXP2/Hardware/Exp2/Exp2.srcs/sources_1/bd/exp2/hdl/exp2_wrapper.v:12]
INFO: [Synth 8-6157] synthesizing module 'exp2' [C:/LAB_ELECTRONICA_AD/EXP2/Hardware/Exp2/Exp2.srcs/sources_1/bd/exp2/synth/exp2.v:13]
INFO: [Synth 8-6157] synthesizing module 'exp2_Comparador_0_0' [c:/LAB_ELECTRONICA_AD/EXP2/Hardware/Exp2/Exp2.srcs/sources_1/bd/exp2/ip/exp2_Comparador_0_0/synth/exp2_Comparador_0_0.v:58]
INFO: [Synth 8-6157] synthesizing module 'Comparador' [c:/LAB_ELECTRONICA_AD/EXP2/Hardware/Exp2/Exp2.srcs/sources_1/bd/exp2/ipshared/b087/src/Comparador.v:3]
INFO: [Synth 8-6155] done synthesizing module 'Comparador' (1#1) [c:/LAB_ELECTRONICA_AD/EXP2/Hardware/Exp2/Exp2.srcs/sources_1/bd/exp2/ipshared/b087/src/Comparador.v:3]
INFO: [Synth 8-6155] done synthesizing module 'exp2_Comparador_0_0' (2#1) [c:/LAB_ELECTRONICA_AD/EXP2/Hardware/Exp2/Exp2.srcs/sources_1/bd/exp2/ip/exp2_Comparador_0_0/synth/exp2_Comparador_0_0.v:58]
INFO: [Synth 8-6157] synthesizing module 'exp2_OR_0_0' [c:/LAB_ELECTRONICA_AD/EXP2/Hardware/Exp2/Exp2.srcs/sources_1/bd/exp2/ip/exp2_OR_0_0/synth/exp2_OR_0_0.v:58]
INFO: [Synth 8-6157] synthesizing module 'OR' [c:/LAB_ELECTRONICA_AD/EXP2/Hardware/Exp2/Exp2.srcs/sources_1/bd/exp2/ipshared/80b1/src/OR.v:3]
INFO: [Synth 8-6155] done synthesizing module 'OR' (3#1) [c:/LAB_ELECTRONICA_AD/EXP2/Hardware/Exp2/Exp2.srcs/sources_1/bd/exp2/ipshared/80b1/src/OR.v:3]
INFO: [Synth 8-6155] done synthesizing module 'exp2_OR_0_0' (4#1) [c:/LAB_ELECTRONICA_AD/EXP2/Hardware/Exp2/Exp2.srcs/sources_1/bd/exp2/ip/exp2_OR_0_0/synth/exp2_OR_0_0.v:58]
INFO: [Synth 8-6157] synthesizing module 'exp2_clk_mgnmnt_0_0' [c:/LAB_ELECTRONICA_AD/EXP2/Hardware/Exp2/Exp2.srcs/sources_1/bd/exp2/ip/exp2_clk_mgnmnt_0_0/synth/exp2_clk_mgnmnt_0_0.v:58]
INFO: [Synth 8-6157] synthesizing module 'clk_mgnmnt' [c:/LAB_ELECTRONICA_AD/EXP2/Hardware/Exp2/Exp2.srcs/sources_1/bd/exp2/ipshared/8ade/src/clk_mgnmnt.v:3]
	Parameter N_220 bound to: 888 - type: integer 
	Parameter N_391 bound to: 498 - type: integer 
	Parameter N_554 bound to: 352 - type: integer 
	Parameter N_739 bound to: 264 - type: integer 
INFO: [Synth 8-226] default block is never used [c:/LAB_ELECTRONICA_AD/EXP2/Hardware/Exp2/Exp2.srcs/sources_1/bd/exp2/ipshared/8ade/src/clk_mgnmnt.v:18]
INFO: [Synth 8-6155] done synthesizing module 'clk_mgnmnt' (5#1) [c:/LAB_ELECTRONICA_AD/EXP2/Hardware/Exp2/Exp2.srcs/sources_1/bd/exp2/ipshared/8ade/src/clk_mgnmnt.v:3]
INFO: [Synth 8-6155] done synthesizing module 'exp2_clk_mgnmnt_0_0' (6#1) [c:/LAB_ELECTRONICA_AD/EXP2/Hardware/Exp2/Exp2.srcs/sources_1/bd/exp2/ip/exp2_clk_mgnmnt_0_0/synth/exp2_clk_mgnmnt_0_0.v:58]
INFO: [Synth 8-6157] synthesizing module 'exp2_counter_0_0' [c:/LAB_ELECTRONICA_AD/EXP2/Hardware/Exp2/Exp2.srcs/sources_1/bd/exp2/ip/exp2_counter_0_0/synth/exp2_counter_0_0.v:58]
INFO: [Synth 8-6157] synthesizing module 'counter' [c:/LAB_ELECTRONICA_AD/EXP2/Hardware/Exp2/Exp2.srcs/sources_1/bd/exp2/ipshared/1511/src/counter.v:3]
INFO: [Synth 8-6155] done synthesizing module 'counter' (7#1) [c:/LAB_ELECTRONICA_AD/EXP2/Hardware/Exp2/Exp2.srcs/sources_1/bd/exp2/ipshared/1511/src/counter.v:3]
INFO: [Synth 8-6155] done synthesizing module 'exp2_counter_0_0' (8#1) [c:/LAB_ELECTRONICA_AD/EXP2/Hardware/Exp2/Exp2.srcs/sources_1/bd/exp2/ip/exp2_counter_0_0/synth/exp2_counter_0_0.v:58]
INFO: [Synth 8-6157] synthesizing module 'exp2_counter_1_0' [c:/LAB_ELECTRONICA_AD/EXP2/Hardware/Exp2/Exp2.srcs/sources_1/bd/exp2/ip/exp2_counter_1_0/synth/exp2_counter_1_0.v:58]
INFO: [Synth 8-6155] done synthesizing module 'exp2_counter_1_0' (9#1) [c:/LAB_ELECTRONICA_AD/EXP2/Hardware/Exp2/Exp2.srcs/sources_1/bd/exp2/ip/exp2_counter_1_0/synth/exp2_counter_1_0.v:58]
INFO: [Synth 8-6157] synthesizing module 'exp2_display_voltaje_0_0' [c:/LAB_ELECTRONICA_AD/EXP2/Hardware/Exp2/Exp2.srcs/sources_1/bd/exp2/ip/exp2_display_voltaje_0_0/synth/exp2_display_voltaje_0_0.v:58]
INFO: [Synth 8-6157] synthesizing module 'display_voltaje' [c:/LAB_ELECTRONICA_AD/EXP2/Hardware/Exp2/Exp2.srcs/sources_1/bd/exp2/ipshared/7b03/src/display.v:3]
INFO: [Synth 8-6157] synthesizing module 'seven_segment_display_anodo' [c:/LAB_ELECTRONICA_AD/EXP2/Hardware/Exp2/Exp2.srcs/sources_1/bd/exp2/ipshared/7b03/src/display_7segmentos.v:3]
INFO: [Synth 8-226] default block is never used [c:/LAB_ELECTRONICA_AD/EXP2/Hardware/Exp2/Exp2.srcs/sources_1/bd/exp2/ipshared/7b03/src/display_7segmentos.v:8]
INFO: [Synth 8-6155] done synthesizing module 'seven_segment_display_anodo' (10#1) [c:/LAB_ELECTRONICA_AD/EXP2/Hardware/Exp2/Exp2.srcs/sources_1/bd/exp2/ipshared/7b03/src/display_7segmentos.v:3]
INFO: [Synth 8-6155] done synthesizing module 'display_voltaje' (11#1) [c:/LAB_ELECTRONICA_AD/EXP2/Hardware/Exp2/Exp2.srcs/sources_1/bd/exp2/ipshared/7b03/src/display.v:3]
INFO: [Synth 8-6155] done synthesizing module 'exp2_display_voltaje_0_0' (12#1) [c:/LAB_ELECTRONICA_AD/EXP2/Hardware/Exp2/Exp2.srcs/sources_1/bd/exp2/ip/exp2_display_voltaje_0_0/synth/exp2_display_voltaje_0_0.v:58]
INFO: [Synth 8-6157] synthesizing module 'exp2_generador_seno_0_0' [c:/LAB_ELECTRONICA_AD/EXP2/Hardware/Exp2/Exp2.srcs/sources_1/bd/exp2/ip/exp2_generador_seno_0_0/synth/exp2_generador_seno_0_0.v:58]
INFO: [Synth 8-6157] synthesizing module 'generador_seno' [c:/LAB_ELECTRONICA_AD/EXP2/Hardware/Exp2/Exp2.srcs/sources_1/bd/exp2/ipshared/d104/src/generador_seno.v:3]
INFO: [Synth 8-6155] done synthesizing module 'generador_seno' (13#1) [c:/LAB_ELECTRONICA_AD/EXP2/Hardware/Exp2/Exp2.srcs/sources_1/bd/exp2/ipshared/d104/src/generador_seno.v:3]
INFO: [Synth 8-6155] done synthesizing module 'exp2_generador_seno_0_0' (14#1) [c:/LAB_ELECTRONICA_AD/EXP2/Hardware/Exp2/Exp2.srcs/sources_1/bd/exp2/ip/exp2_generador_seno_0_0/synth/exp2_generador_seno_0_0.v:58]
INFO: [Synth 8-6157] synthesizing module 'exp2_modular_clk_div_0_0' [c:/LAB_ELECTRONICA_AD/EXP2/Hardware/Exp2/Exp2.srcs/sources_1/bd/exp2/ip/exp2_modular_clk_div_0_0/synth/exp2_modular_clk_div_0_0.v:58]
INFO: [Synth 8-6157] synthesizing module 'modular_clk_div' [c:/LAB_ELECTRONICA_AD/EXP2/Hardware/Exp2/Exp2.srcs/sources_1/bd/exp2/ipshared/fe00/src/modular_clk_div.v:3]
	Parameter N bound to: 8 - type: integer 
INFO: [Synth 8-6155] done synthesizing module 'modular_clk_div' (15#1) [c:/LAB_ELECTRONICA_AD/EXP2/Hardware/Exp2/Exp2.srcs/sources_1/bd/exp2/ipshared/fe00/src/modular_clk_div.v:3]
INFO: [Synth 8-6155] done synthesizing module 'exp2_modular_clk_div_0_0' (16#1) [c:/LAB_ELECTRONICA_AD/EXP2/Hardware/Exp2/Exp2.srcs/sources_1/bd/exp2/ip/exp2_modular_clk_div_0_0/synth/exp2_modular_clk_div_0_0.v:58]
INFO: [Synth 8-6157] synthesizing module 'exp2_modular_clk_div_1_0' [c:/LAB_ELECTRONICA_AD/EXP2/Hardware/Exp2/Exp2.srcs/sources_1/bd/exp2/ip/exp2_modular_clk_div_1_0/synth/exp2_modular_clk_div_1_0.v:58]
INFO: [Synth 8-6157] synthesizing module 'modular_clk_div__parameterized0' [c:/LAB_ELECTRONICA_AD/EXP2/Hardware/Exp2/Exp2.srcs/sources_1/bd/exp2/ipshared/fe00/src/modular_clk_div.v:3]
	Parameter N bound to: 434 - type: integer 
INFO: [Synth 8-6155] done synthesizing module 'modular_clk_div__parameterized0' (16#1) [c:/LAB_ELECTRONICA_AD/EXP2/Hardware/Exp2/Exp2.srcs/sources_1/bd/exp2/ipshared/fe00/src/modular_clk_div.v:3]
INFO: [Synth 8-6155] done synthesizing module 'exp2_modular_clk_div_1_0' (17#1) [c:/LAB_ELECTRONICA_AD/EXP2/Hardware/Exp2/Exp2.srcs/sources_1/bd/exp2/ip/exp2_modular_clk_div_1_0/synth/exp2_modular_clk_div_1_0.v:58]
INFO: [Synth 8-6157] synthesizing module 'exp2_mux_0_0' [c:/LAB_ELECTRONICA_AD/EXP2/Hardware/Exp2/Exp2.srcs/sources_1/bd/exp2/ip/exp2_mux_0_0/synth/exp2_mux_0_0.v:58]
INFO: [Synth 8-6157] synthesizing module 'mux' [c:/LAB_ELECTRONICA_AD/EXP2/Hardware/Exp2/Exp2.srcs/sources_1/bd/exp2/ipshared/2724/src/mux.v:4]
INFO: [Synth 8-6155] done synthesizing module 'mux' (18#1) [c:/LAB_ELECTRONICA_AD/EXP2/Hardware/Exp2/Exp2.srcs/sources_1/bd/exp2/ipshared/2724/src/mux.v:4]
INFO: [Synth 8-6155] done synthesizing module 'exp2_mux_0_0' (19#1) [c:/LAB_ELECTRONICA_AD/EXP2/Hardware/Exp2/Exp2.srcs/sources_1/bd/exp2/ip/exp2_mux_0_0/synth/exp2_mux_0_0.v:58]
INFO: [Synth 8-6157] synthesizing module 'exp2_ss_driver_0_0' [c:/LAB_ELECTRONICA_AD/EXP2/Hardware/Exp2/Exp2.srcs/sources_1/bd/exp2/ip/exp2_ss_driver_0_0/synth/exp2_ss_driver_0_0.v:58]
INFO: [Synth 8-6157] synthesizing module 'ss_driver' [c:/LAB_ELECTRONICA_AD/EXP2/Hardware/Exp2/Exp2.srcs/sources_1/bd/exp2/ipshared/6aa1/src/ss_driver.v:3]
	Parameter f_220 bound to: 544 - type: integer 
	Parameter f_391 bound to: 913 - type: integer 
	Parameter f_554 bound to: 1364 - type: integer 
	Parameter f_739 bound to: 1849 - type: integer 
INFO: [Synth 8-6155] done synthesizing module 'ss_driver' (20#1) [c:/LAB_ELECTRONICA_AD/EXP2/Hardware/Exp2/Exp2.srcs/sources_1/bd/exp2/ipshared/6aa1/src/ss_driver.v:3]
INFO: [Synth 8-6155] done synthesizing module 'exp2_ss_driver_0_0' (21#1) [c:/LAB_ELECTRONICA_AD/EXP2/Hardware/Exp2/Exp2.srcs/sources_1/bd/exp2/ip/exp2_ss_driver_0_0/synth/exp2_ss_driver_0_0.v:58]
INFO: [Synth 8-6157] synthesizing module 'exp2_uart_rx_0_0' [c:/LAB_ELECTRONICA_AD/EXP2/Hardware/Exp2/Exp2.srcs/sources_1/bd/exp2/ip/exp2_uart_rx_0_0/synth/exp2_uart_rx_0_0.v:58]
INFO: [Synth 8-6157] synthesizing module 'uart_rx' [c:/LAB_ELECTRONICA_AD/EXP2/Hardware/Exp2/Exp2.srcs/sources_1/bd/exp2/ipshared/9ab8/src/uart_rx.v:3]
	Parameter IDLE bound to: 0 - type: integer 
	Parameter WAIT bound to: 1 - type: integer 
	Parameter RX bound to: 2 - type: integer 
	Parameter STOP bound to: 3 - type: integer 
	Parameter SEND bound to: 4 - type: integer 
	Parameter N bound to: 8 - type: integer 
INFO: [Synth 8-155] case statement is not full and has no default [c:/LAB_ELECTRONICA_AD/EXP2/Hardware/Exp2/Exp2.srcs/sources_1/bd/exp2/ipshared/9ab8/src/uart_rx.v:31]
INFO: [Synth 8-6155] done synthesizing module 'uart_rx' (22#1) [c:/LAB_ELECTRONICA_AD/EXP2/Hardware/Exp2/Exp2.srcs/sources_1/bd/exp2/ipshared/9ab8/src/uart_rx.v:3]
INFO: [Synth 8-6155] done synthesizing module 'exp2_uart_rx_0_0' (23#1) [c:/LAB_ELECTRONICA_AD/EXP2/Hardware/Exp2/Exp2.srcs/sources_1/bd/exp2/ip/exp2_uart_rx_0_0/synth/exp2_uart_rx_0_0.v:58]
WARNING: [Synth 8-7071] port 'msg_ready' of module 'exp2_uart_rx_0_0' is unconnected for instance 'uart_rx_0' [C:/LAB_ELECTRONICA_AD/EXP2/Hardware/Exp2/Exp2.srcs/sources_1/bd/exp2/synth/exp2.v:112]
WARNING: [Synth 8-7023] instance 'uart_rx_0' of module 'exp2_uart_rx_0_0' has 7 connections declared, but only 6 given [C:/LAB_ELECTRONICA_AD/EXP2/Hardware/Exp2/Exp2.srcs/sources_1/bd/exp2/synth/exp2.v:112]
INFO: [Synth 8-6155] done synthesizing module 'exp2' (24#1) [C:/LAB_ELECTRONICA_AD/EXP2/Hardware/Exp2/Exp2.srcs/sources_1/bd/exp2/synth/exp2.v:13]
INFO: [Synth 8-6155] done synthesizing module 'exp2_wrapper' (25#1) [C:/LAB_ELECTRONICA_AD/EXP2/Hardware/Exp2/Exp2.srcs/sources_1/bd/exp2/hdl/exp2_wrapper.v:12]
---------------------------------------------------------------------------------
Finished RTL Elaboration : Time (s): cpu = 00:00:09 ; elapsed = 00:00:12 . Memory (MB): peak = 1029.242 ; gain = 0.000
---------------------------------------------------------------------------------
---------------------------------------------------------------------------------
Start Handling Custom Attributes
---------------------------------------------------------------------------------
---------------------------------------------------------------------------------
Finished Handling Custom Attributes : Time (s): cpu = 00:00:10 ; elapsed = 00:00:13 . Memory (MB): peak = 1029.242 ; gain = 0.000
---------------------------------------------------------------------------------
---------------------------------------------------------------------------------
Finished RTL Optimization Phase 1 : Time (s): cpu = 00:00:10 ; elapsed = 00:00:13 . Memory (MB): peak = 1029.242 ; gain = 0.000
---------------------------------------------------------------------------------
Netlist sorting complete. Time (s): cpu = 00:00:00 ; elapsed = 00:00:00.005 . Memory (MB): peak = 1029.242 ; gain = 0.000
INFO: [Project 1-570] Preparing netlist for logic optimization

Processing XDC Constraints
Initializing timing engine
Parsing XDC File [C:/LAB_ELECTRONICA_AD/EXP2/Hardware/Exp2/Exp2.srcs/constrs_1/imports/VIVADO/Basys-3-Master.xdc]
Finished Parsing XDC File [C:/LAB_ELECTRONICA_AD/EXP2/Hardware/Exp2/Exp2.srcs/constrs_1/imports/VIVADO/Basys-3-Master.xdc]
INFO: [Project 1-236] Implementation specific constraints were found while reading constraint file [C:/LAB_ELECTRONICA_AD/EXP2/Hardware/Exp2/Exp2.srcs/constrs_1/imports/VIVADO/Basys-3-Master.xdc]. These constraints will be ignored for synthesis but will be used in implementation. Impacted constraints are listed in the file [.Xil/exp2_wrapper_propImpl.xdc].
Resolution: To avoid this warning, move constraints listed in [.Xil/exp2_wrapper_propImpl.xdc] to another XDC file and exclude this new file from synthesis with the used_in_synthesis property (File Properties dialog in GUI) and re-run elaboration/synthesis.
Parsing XDC File [C:/LAB_ELECTRONICA_AD/EXP2/Hardware/Exp2/Exp2.runs/synth_1/dont_touch.xdc]
Finished Parsing XDC File [C:/LAB_ELECTRONICA_AD/EXP2/Hardware/Exp2/Exp2.runs/synth_1/dont_touch.xdc]
Completed Processing XDC Constraints

Netlist sorting complete. Time (s): cpu = 00:00:00 ; elapsed = 00:00:00.001 . Memory (MB): peak = 1049.535 ; gain = 0.000
INFO: [Project 1-111] Unisim Transformation Summary:
No Unisim elements were transformed.

Constraint Validation Runtime : Time (s): cpu = 00:00:00 ; elapsed = 00:00:00.011 . Memory (MB): peak = 1049.535 ; gain = 0.000
---------------------------------------------------------------------------------
Finished Constraint Validation : Time (s): cpu = 00:00:22 ; elapsed = 00:00:25 . Memory (MB): peak = 1049.535 ; gain = 20.293
---------------------------------------------------------------------------------
---------------------------------------------------------------------------------
Start Loading Part and Timing Information
---------------------------------------------------------------------------------
Loading part: xc7a35tcpg236-1
---------------------------------------------------------------------------------
Finished Loading Part and Timing Information : Time (s): cpu = 00:00:22 ; elapsed = 00:00:25 . Memory (MB): peak = 1049.535 ; gain = 20.293
---------------------------------------------------------------------------------
---------------------------------------------------------------------------------
Start Applying 'set_property' XDC Constraints
---------------------------------------------------------------------------------
Applied set_property DONT_TOUCH = true for exp2_i. (constraint file  auto generated constraint, line ).
Applied set_property DONT_TOUCH = true for exp2_i/clk_mgnmnt_0. (constraint file  auto generated constraint, line ).
Applied set_property DONT_TOUCH = true for exp2_i/counter_0. (constraint file  auto generated constraint, line ).
Applied set_property DONT_TOUCH = true for exp2_i/generador_seno_0. (constraint file  auto generated constraint, line ).
Applied set_property DONT_TOUCH = true for exp2_i/mux_0. (constraint file  auto generated constraint, line ).
Applied set_property DONT_TOUCH = true for exp2_i/Comparador_0. (constraint file  auto generated constraint, line ).
Applied set_property DONT_TOUCH = true for exp2_i/counter_1. (constraint file  auto generated constraint, line ).
Applied set_property DONT_TOUCH = true for exp2_i/modular_clk_div_0. (constraint file  auto generated constraint, line ).
Applied set_property DONT_TOUCH = true for exp2_i/uart_rx_0. (constraint file  auto generated constraint, line ).
Applied set_property DONT_TOUCH = true for exp2_i/modular_clk_div_1. (constraint file  auto generated constraint, line ).
Applied set_property DONT_TOUCH = true for exp2_i/OR_0. (constraint file  auto generated constraint, line ).
Applied set_property DONT_TOUCH = true for exp2_i/ss_driver_0. (constraint file  auto generated constraint, line ).
Applied set_property DONT_TOUCH = true for exp2_i/display_voltaje_0. (constraint file  auto generated constraint, line ).
---------------------------------------------------------------------------------
Finished applying 'set_property' XDC Constraints : Time (s): cpu = 00:00:22 ; elapsed = 00:00:25 . Memory (MB): peak = 1049.535 ; gain = 20.293
---------------------------------------------------------------------------------
INFO: [Synth 8-802] inferred FSM for state register 'state_reg' in module 'uart_rx'
---------------------------------------------------------------------------------------------------
                   State |                     New Encoding |                Previous Encoding 
---------------------------------------------------------------------------------------------------
                 iSTATE2 |                              000 |                              000
                  iSTATE |                              001 |                              001
                 iSTATE1 |                              010 |                              010
                 iSTATE0 |                              011 |                              011
                 iSTATE3 |                              100 |                              100
---------------------------------------------------------------------------------------------------
INFO: [Synth 8-3354] encoded FSM with state register 'state_reg' using encoding 'sequential' in module 'uart_rx'
---------------------------------------------------------------------------------
Finished RTL Optimization Phase 2 : Time (s): cpu = 00:00:22 ; elapsed = 00:00:26 . Memory (MB): peak = 1049.535 ; gain = 20.293
---------------------------------------------------------------------------------
---------------------------------------------------------------------------------
Start RTL Component Statistics 
---------------------------------------------------------------------------------
Detailed RTL Component Info : 
+---Adders : 
	   2 Input   10 Bit       Adders := 1     
	   2 Input    9 Bit       Adders := 1     
	   2 Input    8 Bit       Adders := 2     
	   2 Input    4 Bit       Adders := 1     
	   2 Input    3 Bit       Adders := 1     
+---Registers : 
	               10 Bit    Registers := 2     
	                9 Bit    Registers := 1     
	                8 Bit    Registers := 5     
	                4 Bit    Registers := 1     
	                3 Bit    Registers := 1     
	                1 Bit    Registers := 6     
+---ROMs : 
	                    ROMs := 1     
+---Muxes : 
	   4 Input   11 Bit        Muxes := 1     
	   4 Input   10 Bit        Muxes := 1     
	   2 Input   10 Bit        Muxes := 1     
	   2 Input    9 Bit        Muxes := 1     
	   2 Input    8 Bit        Muxes := 1     
	   5 Input    8 Bit        Muxes := 1     
	   4 Input    4 Bit        Muxes := 2     
	   5 Input    4 Bit        Muxes := 1     
	   2 Input    3 Bit        Muxes := 3     
	   5 Input    3 Bit        Muxes := 1     
	   2 Input    1 Bit        Muxes := 3     
	   5 Input    1 Bit        Muxes := 7     
---------------------------------------------------------------------------------
Finished RTL Component Statistics 
---------------------------------------------------------------------------------
---------------------------------------------------------------------------------
Start Part Resource Summary
---------------------------------------------------------------------------------
Part Resources:
DSPs: 90 (col length:60)
BRAMs: 100 (col length: RAMB18 60 RAMB36 30)
---------------------------------------------------------------------------------
Finished Part Resource Summary
---------------------------------------------------------------------------------
---------------------------------------------------------------------------------
Start Cross Boundary and Area Optimization
---------------------------------------------------------------------------------
---------------------------------------------------------------------------------
Finished Cross Boundary and Area Optimization : Time (s): cpu = 00:00:25 ; elapsed = 00:00:29 . Memory (MB): peak = 1049.535 ; gain = 20.293
---------------------------------------------------------------------------------
---------------------------------------------------------------------------------
Start ROM, RAM, DSP and Shift Register Reporting
---------------------------------------------------------------------------------

ROM: Preliminary Mapping	Report
+------------------------+----------------+---------------+----------------+
|Module Name             | RTL Object     | Depth x Width | Implemented As | 
+------------------------+----------------+---------------+----------------+
|exp2_generador_seno_0_0 | inst/n_out_reg | 256x8         | Block RAM      | 
+------------------------+----------------+---------------+----------------+

---------------------------------------------------------------------------------
Finished ROM, RAM, DSP and Shift Register Reporting
---------------------------------------------------------------------------------
---------------------------------------------------------------------------------
Start Applying XDC Timing Constraints
---------------------------------------------------------------------------------
---------------------------------------------------------------------------------
Finished Applying XDC Timing Constraints : Time (s): cpu = 00:00:40 ; elapsed = 00:00:44 . Memory (MB): peak = 1049.535 ; gain = 20.293
---------------------------------------------------------------------------------
---------------------------------------------------------------------------------
Start Timing Optimization
---------------------------------------------------------------------------------
---------------------------------------------------------------------------------
Finished Timing Optimization : Time (s): cpu = 00:00:40 ; elapsed = 00:00:44 . Memory (MB): peak = 1049.535 ; gain = 20.293
---------------------------------------------------------------------------------
---------------------------------------------------------------------------------
Start Technology Mapping
---------------------------------------------------------------------------------
INFO: [Synth 8-7052] The timing for the instance exp2_i/generador_seno_0/inst/n_out_reg (implemented as a Block RAM) might be sub-optimal as no optional output register could be merged into the ram block. Providing additional output register may help in improving timing.
---------------------------------------------------------------------------------
Finished Technology Mapping : Time (s): cpu = 00:00:40 ; elapsed = 00:00:45 . Memory (MB): peak = 1054.570 ; gain = 25.328
---------------------------------------------------------------------------------
---------------------------------------------------------------------------------
Start IO Insertion
---------------------------------------------------------------------------------
---------------------------------------------------------------------------------
Start Flattening Before IO Insertion
---------------------------------------------------------------------------------
---------------------------------------------------------------------------------
Finished Flattening Before IO Insertion
---------------------------------------------------------------------------------
---------------------------------------------------------------------------------
Start Final Netlist Cleanup
---------------------------------------------------------------------------------
---------------------------------------------------------------------------------
Finished Final Netlist Cleanup
---------------------------------------------------------------------------------
---------------------------------------------------------------------------------
Finished IO Insertion : Time (s): cpu = 00:00:47 ; elapsed = 00:00:51 . Memory (MB): peak = 1054.570 ; gain = 25.328
---------------------------------------------------------------------------------
---------------------------------------------------------------------------------
Start Renaming Generated Instances
---------------------------------------------------------------------------------
---------------------------------------------------------------------------------
Finished Renaming Generated Instances : Time (s): cpu = 00:00:47 ; elapsed = 00:00:51 . Memory (MB): peak = 1054.570 ; gain = 25.328
---------------------------------------------------------------------------------
---------------------------------------------------------------------------------
Start Rebuilding User Hierarchy
---------------------------------------------------------------------------------
---------------------------------------------------------------------------------
Finished Rebuilding User Hierarchy : Time (s): cpu = 00:00:47 ; elapsed = 00:00:51 . Memory (MB): peak = 1054.570 ; gain = 25.328
---------------------------------------------------------------------------------
---------------------------------------------------------------------------------
Start Renaming Generated Ports
---------------------------------------------------------------------------------
---------------------------------------------------------------------------------
Finished Renaming Generated Ports : Time (s): cpu = 00:00:47 ; elapsed = 00:00:51 . Memory (MB): peak = 1054.570 ; gain = 25.328
---------------------------------------------------------------------------------
---------------------------------------------------------------------------------
Start Handling Custom Attributes
---------------------------------------------------------------------------------
---------------------------------------------------------------------------------
Finished Handling Custom Attributes : Time (s): cpu = 00:00:47 ; elapsed = 00:00:51 . Memory (MB): peak = 1054.570 ; gain = 25.328
---------------------------------------------------------------------------------
---------------------------------------------------------------------------------
Start Renaming Generated Nets
---------------------------------------------------------------------------------
---------------------------------------------------------------------------------
Finished Renaming Generated Nets : Time (s): cpu = 00:00:47 ; elapsed = 00:00:51 . Memory (MB): peak = 1054.570 ; gain = 25.328
---------------------------------------------------------------------------------
---------------------------------------------------------------------------------
Start Writing Synthesis Report
---------------------------------------------------------------------------------

Report BlackBoxes: 
+-+--------------+----------+
| |BlackBox name |Instances |
+-+--------------+----------+
+-+--------------+----------+

Report Cell Usage: 
+------+---------+------+
|      |Cell     |Count |
+------+---------+------+
|1     |BUFG     |     1|
|2     |CARRY4   |     8|
|3     |LUT1     |     5|
|4     |LUT2     |    25|
|5     |LUT3     |    24|
|6     |LUT4     |    27|
|7     |LUT5     |    17|
|8     |LUT6     |    22|
|9     |RAMB18E1 |     1|
|10    |FDCE     |    58|
|11    |FDRE     |    31|
|12    |IBUF     |     6|
|13    |OBUF     |    13|
+------+---------+------+
---------------------------------------------------------------------------------
Finished Writing Synthesis Report : Time (s): cpu = 00:00:47 ; elapsed = 00:00:51 . Memory (MB): peak = 1054.570 ; gain = 25.328
---------------------------------------------------------------------------------
Synthesis finished with 0 errors, 0 critical warnings and 0 warnings.
Synthesis Optimization Runtime : Time (s): cpu = 00:00:33 ; elapsed = 00:00:47 . Memory (MB): peak = 1054.570 ; gain = 5.035
Synthesis Optimization Complete : Time (s): cpu = 00:00:47 ; elapsed = 00:00:52 . Memory (MB): peak = 1054.570 ; gain = 25.328
INFO: [Project 1-571] Translating synthesized netlist
Netlist sorting complete. Time (s): cpu = 00:00:00 ; elapsed = 00:00:00.003 . Memory (MB): peak = 1056.566 ; gain = 0.000
INFO: [Netlist 29-17] Analyzing 9 Unisim elements for replacement
INFO: [Netlist 29-28] Unisim Transformation completed in 0 CPU seconds
INFO: [Project 1-570] Preparing netlist for logic optimization
INFO: [Opt 31-138] Pushed 0 inverter(s) to 0 load pin(s).
Netlist sorting complete. Time (s): cpu = 00:00:00 ; elapsed = 00:00:00.001 . Memory (MB): peak = 1062.766 ; gain = 0.000
INFO: [Project 1-111] Unisim Transformation Summary:
No Unisim elements were transformed.

INFO: [Common 17-83] Releasing license: Synthesis
76 Infos, 2 Warnings, 0 Critical Warnings and 0 Errors encountered.
synth_design completed successfully
synth_design: Time (s): cpu = 00:00:58 ; elapsed = 00:01:09 . Memory (MB): peak = 1062.766 ; gain = 33.523
INFO: [Common 17-1381] The checkpoint 'C:/LAB_ELECTRONICA_AD/EXP2/Hardware/Exp2/Exp2.runs/synth_1/exp2_wrapper.dcp' has been generated.
INFO: [runtcl-4] Executing : report_utilization -file exp2_wrapper_utilization_synth.rpt -pb exp2_wrapper_utilization_synth.pb
INFO: [Common 17-206] Exiting Vivado at Mon Oct  5 16:08:26 2026...
